#-----------------------------------------------------------
# Vivado v2017.4 (64-bit)
# SW Build 2086221 on Fri Dec 15 20:55:39 MST 2017
# IP Build 2085800 on Fri Dec 15 22:25:07 MST 2017
# Start of session at: Mon May 22 23:32:37 2023
# Process ID: 25876
# Current directory: C:/Users/29266/Desktop/Homework/Computer Organization/CPU/CPU
# Command line: vivado.exe -gui_launcher_event rodinguilauncherevent7972 C:\Users\29266\Desktop\Homework\Computer Organization\CPU\CPU\CPU.xpr
# Log file: C:/Users/29266/Desktop/Homework/Computer Organization/CPU/CPU/vivado.log
# Journal file: C:/Users/29266/Desktop/Homework/Computer Organization/CPU/CPU\vivado.jou
#-----------------------------------------------------------
start_gui
open_project {C:/Users/29266/Desktop/Homework/Computer Organization/CPU/CPU/CPU.xpr}
add_files -norecurse {{C:/Users/29266/Desktop/Homework/Computer Organization/CPU/IFetch.v} {C:/Users/29266/Desktop/Homework/Computer Organization/CPU/ALU.v} {C:/Users/29266/Desktop/Homework/Computer Organization/CPU/definitions.v} {C:/Users/29266/Desktop/Homework/Computer Organization/CPU/Decoder.v} {C:/Users/29266/Desktop/Homework/Computer Organization/CPU/Controller.v} {C:/Users/29266/Desktop/Homework/Computer Organization/CPU/cpu_top.v} {C:/Users/29266/Desktop/Homework/Computer Organization/CPU/Data_Mem.v}}
update_compile_order -fileset sources_1
create_ip -name clk_wiz -vendor xilinx.com -library ip -version 5.4 -module_name cpuclk -dir {c:/Users/29266/Desktop/Homework/Computer Organization/CPU/CPU/CPU.srcs/sources_1/ip}
set_property -dict [list CONFIG.Component_Name {cpuclk} CONFIG.PRIMITIVE {PLL} CONFIG.CLKOUT1_REQUESTED_OUT_FREQ {23} CONFIG.USE_LOCKED {false} CONFIG.USE_RESET {false} CONFIG.CLKOUT1_DRIVES {BUFG} CONFIG.CLKOUT2_DRIVES {BUFG} CONFIG.CLKOUT3_DRIVES {BUFG} CONFIG.CLKOUT4_DRIVES {BUFG} CONFIG.CLKOUT5_DRIVES {BUFG} CONFIG.CLKOUT6_DRIVES {BUFG} CONFIG.CLKOUT7_DRIVES {BUFG} CONFIG.MMCM_DIVCLK_DIVIDE {5} CONFIG.MMCM_CLKFBOUT_MULT_F {46} CONFIG.MMCM_COMPENSATION {ZHOLD} CONFIG.MMCM_CLKOUT0_DIVIDE_F {40} CONFIG.CLKOUT1_JITTER {342.117} CONFIG.CLKOUT1_PHASE_ERROR {303.235}] [get_ips cpuclk]
generate_target {instantiation_template} [get_files {{c:/Users/29266/Desktop/Homework/Computer Organization/CPU/CPU/CPU.srcs/sources_1/ip/cpuclk/cpuclk.xci}}]
generate_target all [get_files  {{c:/Users/29266/Desktop/Homework/Computer Organization/CPU/CPU/CPU.srcs/sources_1/ip/cpuclk/cpuclk.xci}}]
catch { config_ip_cache -export [get_ips -all cpuclk] }
export_ip_user_files -of_objects [get_files {{c:/Users/29266/Desktop/Homework/Computer Organization/CPU/CPU/CPU.srcs/sources_1/ip/cpuclk/cpuclk.xci}}] -no_script -sync -force -quiet
create_ip_run [get_files -of_objects [get_fileset sources_1] {{c:/Users/29266/Desktop/Homework/Computer Organization/CPU/CPU/CPU.srcs/sources_1/ip/cpuclk/cpuclk.xci}}]
launch_runs -jobs 4 cpuclk_synth_1
export_simulation -of_objects [get_files {{c:/Users/29266/Desktop/Homework/Computer Organization/CPU/CPU/CPU.srcs/sources_1/ip/cpuclk/cpuclk.xci}}] -directory {C:/Users/29266/Desktop/Homework/Computer Organization/CPU/CPU/CPU.ip_user_files/sim_scripts} -ip_user_files_dir {C:/Users/29266/Desktop/Homework/Computer Organization/CPU/CPU/CPU.ip_user_files} -ipstatic_source_dir {C:/Users/29266/Desktop/Homework/Computer Organization/CPU/CPU/CPU.ip_user_files/ipstatic} -lib_map_path [list {modelsim=C:/Users/29266/Desktop/Homework/Computer Organization/CPU/CPU/CPU.cache/compile_simlib/modelsim} {questa=C:/Users/29266/Desktop/Homework/Computer Organization/CPU/CPU/CPU.cache/compile_simlib/questa} {riviera=C:/Users/29266/Desktop/Homework/Computer Organization/CPU/CPU/CPU.cache/compile_simlib/riviera} {activehdl=C:/Users/29266/Desktop/Homework/Computer Organization/CPU/CPU/CPU.cache/compile_simlib/activehdl}] -use_ip_compiled_libs -force -quiet
export_ip_user_files -of_objects  [get_files {{c:/Users/29266/Desktop/Homework/Computer Organization/CPU/CPU/CPU.srcs/sources_1/ip/cpuclk/cpuclk.xci}}] -no_script -reset -force -quiet
remove_files  -fileset cpuclk {{c:/Users/29266/Desktop/Homework/Computer Organization/CPU/CPU/CPU.srcs/sources_1/ip/cpuclk/cpuclk.xci}}
file delete -force {c:/Users/29266/Desktop/Homework/Computer Organization/CPU/CPU/CPU.srcs/sources_1/ip/cpuclk}
create_ip -name clk_wiz -vendor xilinx.com -library ip -version 5.4 -module_name cpuclk -dir {C:/Users/29266/Desktop/Homework/Computer Organization/CPU}
set_property -dict [list CONFIG.Component_Name {cpuclk} CONFIG.PRIMITIVE {PLL} CONFIG.CLKOUT1_REQUESTED_OUT_FREQ {23} CONFIG.USE_LOCKED {false} CONFIG.USE_RESET {false} CONFIG.CLKOUT1_DRIVES {BUFG} CONFIG.CLKOUT2_DRIVES {BUFG} CONFIG.CLKOUT3_DRIVES {BUFG} CONFIG.CLKOUT4_DRIVES {BUFG} CONFIG.CLKOUT5_DRIVES {BUFG} CONFIG.CLKOUT6_DRIVES {BUFG} CONFIG.CLKOUT7_DRIVES {BUFG} CONFIG.MMCM_DIVCLK_DIVIDE {5} CONFIG.MMCM_CLKFBOUT_MULT_F {46} CONFIG.MMCM_COMPENSATION {ZHOLD} CONFIG.MMCM_CLKOUT0_DIVIDE_F {40} CONFIG.CLKOUT1_JITTER {342.117} CONFIG.CLKOUT1_PHASE_ERROR {303.235}] [get_ips cpuclk]
generate_target {instantiation_template} [get_files {{c:/Users/29266/Desktop/Homework/Computer Organization/CPU/cpuclk/cpuclk.xci}}]
generate_target all [get_files  {{c:/Users/29266/Desktop/Homework/Computer Organization/CPU/cpuclk/cpuclk.xci}}]
catch { config_ip_cache -export [get_ips -all cpuclk] }
export_ip_user_files -of_objects [get_files {{c:/Users/29266/Desktop/Homework/Computer Organization/CPU/cpuclk/cpuclk.xci}}] -no_script -sync -force -quiet
create_ip_run [get_files -of_objects [get_fileset sources_1] {{c:/Users/29266/Desktop/Homework/Computer Organization/CPU/cpuclk/cpuclk.xci}}]
export_simulation -of_objects [get_files {{c:/Users/29266/Desktop/Homework/Computer Organization/CPU/cpuclk/cpuclk.xci}}] -directory {C:/Users/29266/Desktop/Homework/Computer Organization/CPU/CPU/CPU.ip_user_files/sim_scripts} -ip_user_files_dir {C:/Users/29266/Desktop/Homework/Computer Organization/CPU/CPU/CPU.ip_user_files} -ipstatic_source_dir {C:/Users/29266/Desktop/Homework/Computer Organization/CPU/CPU/CPU.ip_user_files/ipstatic} -lib_map_path [list {modelsim=C:/Users/29266/Desktop/Homework/Computer Organization/CPU/CPU/CPU.cache/compile_simlib/modelsim} {questa=C:/Users/29266/Desktop/Homework/Computer Organization/CPU/CPU/CPU.cache/compile_simlib/questa} {riviera=C:/Users/29266/Desktop/Homework/Computer Organization/CPU/CPU/CPU.cache/compile_simlib/riviera} {activehdl=C:/Users/29266/Desktop/Homework/Computer Organization/CPU/CPU/CPU.cache/compile_simlib/activehdl}] -use_ip_compiled_libs -force -quiet
update_compile_order -fileset sources_1
file mkdir C:/Users/29266/Desktop/Homework/Computer Organization/CPU/CPU/CPU.srcs/constrs_1
file mkdir C:/Users/29266/Desktop/Homework/Computer Organization/CPU/CPU/CPU.srcs/constrs_1
close [ open {C:/Users/29266/Desktop/Homework/Computer Organization/CPU/constrains.xdc} w ]
add_files -fileset constrs_1 {{C:/Users/29266/Desktop/Homework/Computer Organization/CPU/constrains.xdc}}
update_compile_order -fileset sources_1
update_compile_order -fileset sources_1
create_ip -name blk_mem_gen -vendor xilinx.com -library ip -version 8.4 -module_name RAM -dir {C:/Users/29266/Desktop/Homework/Computer Organization/CPU}
set_property -dict [list CONFIG.Component_Name {RAM} CONFIG.Write_Width_A {32} CONFIG.Write_Depth_A {16384} CONFIG.Read_Width_A {32} CONFIG.Enable_A {Always_Enabled} CONFIG.Write_Width_B {32} CONFIG.Read_Width_B {32} CONFIG.Register_PortA_Output_of_Memory_Primitives {false}] [get_ips RAM]
generate_target {instantiation_template} [get_files {{c:/Users/29266/Desktop/Homework/Computer Organization/CPU/RAM/RAM.xci}}]
update_compile_order -fileset sources_1
generate_target all [get_files  {{c:/Users/29266/Desktop/Homework/Computer Organization/CPU/RAM/RAM.xci}}]
catch { config_ip_cache -export [get_ips -all RAM] }
export_ip_user_files -of_objects [get_files {{c:/Users/29266/Desktop/Homework/Computer Organization/CPU/RAM/RAM.xci}}] -no_script -sync -force -quiet
create_ip_run [get_files -of_objects [get_fileset sources_1] {{c:/Users/29266/Desktop/Homework/Computer Organization/CPU/RAM/RAM.xci}}]
launch_runs -jobs 4 RAM_synth_1
export_simulation -of_objects [get_files {{c:/Users/29266/Desktop/Homework/Computer Organization/CPU/RAM/RAM.xci}}] -directory {C:/Users/29266/Desktop/Homework/Computer Organization/CPU/CPU/CPU.ip_user_files/sim_scripts} -ip_user_files_dir {C:/Users/29266/Desktop/Homework/Computer Organization/CPU/CPU/CPU.ip_user_files} -ipstatic_source_dir {C:/Users/29266/Desktop/Homework/Computer Organization/CPU/CPU/CPU.ip_user_files/ipstatic} -lib_map_path [list {modelsim=C:/Users/29266/Desktop/Homework/Computer Organization/CPU/CPU/CPU.cache/compile_simlib/modelsim} {questa=C:/Users/29266/Desktop/Homework/Computer Organization/CPU/CPU/CPU.cache/compile_simlib/questa} {riviera=C:/Users/29266/Desktop/Homework/Computer Organization/CPU/CPU/CPU.cache/compile_simlib/riviera} {activehdl=C:/Users/29266/Desktop/Homework/Computer Organization/CPU/CPU/CPU.cache/compile_simlib/activehdl}] -use_ip_compiled_libs -force -quiet
file mkdir C:/Users/29266/Desktop/Homework/Computer Organization/CPU/CPU/CPU.srcs/sources_1/new
file mkdir C:/Users/29266/Desktop/Homework/Computer Organization/CPU/CPU/CPU.srcs/sources_1/new
file mkdir C:/Users/29266/Desktop/Homework/Computer Organization/CPU/CPU/CPU.srcs/sources_1/new
file mkdir C:/Users/29266/Desktop/Homework/Computer Organization/CPU/CPU/CPU.srcs/sources_1/new
file mkdir C:/Users/29266/Desktop/Homework/Computer Organization/CPU/CPU/CPU.srcs/sources_1/new
file mkdir C:/Users/29266/Desktop/Homework/Computer Organization/CPU/CPU/CPU.srcs/sources_1/new
file mkdir {C:/Users/29266/Desktop/Homework/Computer Organization/CPU/CPU/CPU.srcs/sources_1/new}
close [ open {C:/Users/29266/Desktop/Homework/Computer Organization/CPU/CPU/CPU.srcs/sources_1/new/MemOrIO.v} w ]
add_files {{C:/Users/29266/Desktop/Homework/Computer Organization/CPU/CPU/CPU.srcs/sources_1/new/MemOrIO.v}}
update_compile_order -fileset sources_1
export_ip_user_files -of_objects  [get_files {{C:/Users/29266/Desktop/Homework/Computer Organization/CPU/CPU/CPU.srcs/sources_1/new/MemOrIO.v}}] -no_script -reset -force -quiet
remove_files  {{C:/Users/29266/Desktop/Homework/Computer Organization/CPU/CPU/CPU.srcs/sources_1/new/MemOrIO.v}}
file delete -force {C:/Users/29266/Desktop/Homework/Computer Organization/CPU/CPU/CPU.srcs/sources_1/new/MemOrIO.v}
close [ open {C:/Users/29266/Desktop/Homework/Computer Organization/CPU/MemOrIO.v} w ]
add_files {{C:/Users/29266/Desktop/Homework/Computer Organization/CPU/MemOrIO.v}}
update_compile_order -fileset sources_1
update_compile_order -fileset sources_1
update_compile_order -fileset sources_1
update_compile_order -fileset sources_1
