#-----------------------------------------------------------
# Vivado v2017.4 (64-bit)
# SW Build 2086221 on Fri Dec 15 20:55:39 MST 2017
# IP Build 2085800 on Fri Dec 15 22:25:07 MST 2017
# Start of session at: Mon May 22 23:32:37 2023
# Process ID: 25876
# Current directory: C:/Users/29266/Desktop/Homework/Computer Organization/CPU/CPU
# Command line: vivado.exe -gui_launcher_event rodinguilauncherevent7972 C:\Users\29266\Desktop\Homework\Computer Organization\CPU\CPU\CPU.xpr
# Log file: C:/Users/29266/Desktop/Homework/Computer Organization/CPU/CPU/vivado.log
# Journal file: C:/Users/29266/Desktop/Homework/Computer Organization/CPU/CPU\vivado.jou
#-----------------------------------------------------------
start_gui
open_project {C:/Users/29266/Desktop/Homework/Computer Organization/CPU/CPU/CPU.xpr}
add_files -norecurse {{C:/Users/29266/Desktop/Homework/Computer Organization/CPU/IFetch.v} {C:/Users/29266/Desktop/Homework/Computer Organization/CPU/ALU.v} {C:/Users/29266/Desktop/Homework/Computer Organization/CPU/definitions.v} {C:/Users/29266/Desktop/Homework/Computer Organization/CPU/Decoder.v} {C:/Users/29266/Desktop/Homework/Computer Organization/CPU/Controller.v} {C:/Users/29266/Desktop/Homework/Computer Organization/CPU/cpu_top.v} {C:/Users/29266/Desktop/Homework/Computer Organization/CPU/Data_Mem.v}}
update_compile_order -fileset sources_1
